// Jest Snapshot v1, https://goo.gl/fbAQLP

exports[`LoggingNotification.vue renders snapshot 1`] = `
<div
  class="py-4"
>
  <p
    class="mb-4"
  >
     A traffic log policy lets you collect access logs for every data plane proxy in your service mesh. 
  </p>
  <ul
    class="list-disc pl-4"
  >
    <li>
      <a
        href="https://kuma.io/docs/dev/policies/traffic-log/?utm_source=Kuma&utm_medium=Kuma-GUI"
        target="_blank"
      >
         Traffic Log policy documentation 
      </a>
    </li>
  </ul>
</div>
`;
