// Jest Snapshot v1, https://goo.gl/fbAQLP

exports[`PolicyConnections.vue renders snapshot 1`] = `
<div>
  <div>
    
    <h2>
      Dataplanes
    </h2>
    <input
      class="k-input mt-4"
      data-testid="dataplane-search-input"
      id="dataplane-search"
      placeholder="Filter by name"
      required=""
      type="text"
    />
    
    <p
      class="mt-2"
      data-testid="dataplane-name"
    >
      <a
        class=""
        href="/mesh/default/data-plane/backend"
      >
        backend
      </a>
    </p>
    <p
      class="mt-2"
      data-testid="dataplane-name"
    >
      <a
        class=""
        href="/mesh/default/data-plane/db"
      >
        db
      </a>
    </p>
    <p
      class="mt-2"
      data-testid="dataplane-name"
    >
      <a
        class=""
        href="/mesh/default/data-plane/frontend"
      >
        frontend
      </a>
    </p>
    
    
  </div>
</div>
`;
