// Jest Snapshot v1, https://goo.gl/fbAQLP

exports[`OnboardingHeading.vue renders snapshot 1`] = `
<div
  class="onboarding-heading"
>
  <h1
    class="onboarding-title"
    data-testid="onboarding-header"
  >
    
    title
    
  </h1>
  <div
    class="onboarding-description"
  >
    
    description
    
  </div>
</div>
`;
