// Jest Snapshot v1, https://goo.gl/fbAQLP

exports[`AddNewServices.vue renders snapshot 1`] = `
<div>
  <div
    class="onboarding-container"
  >
    <div
      class="onboarding-container__header"
    >
      
      <div
        class="onboarding-heading"
      >
        <h1
          class="onboarding-title"
        >
          
           Add services 
          
        </h1>
        <!--v-if-->
      </div>
      
    </div>
    <div
      class="onboarding-container__content"
    >
      <div
        class="onboarding-container__inner-content"
      >
        
        <div
          class="h-full w-full flex justify-evenly items-center"
        >
          <div
            class="box box--active cursor-pointer"
            data-testid="box"
          >
            
            <div>
              <img
                src="[object Object]"
              />
              <div
                class="ml-3"
              >
                <p
                  class="uppercase font-bold tracking-wider"
                >
                   Demo app 
                </p>
                <p>
                  Counter application
                </p>
              </div>
            </div>
            
          </div>
          <div
            class="box cursor-pointer"
            data-testid="box"
          >
            
            <div
              class="cursor-pointer"
            >
              <img
                src="[object Object]"
              />
              <div
                class="ml-3"
              >
                <p
                  class="uppercase font-bold tracking-wider"
                >
                   Manually 
                </p>
                <p>
                  After this wizard
                </p>
              </div>
            </div>
            
          </div>
        </div>
        
      </div>
    </div>
    <div
      class="mt-4"
    >
      
      <div
        class="onboarding-actions"
      >
        <a
          class="k-button medium rounded secondary"
          data-testid="onboarding-previous-button"
          href="/onboarding/create-mesh"
          type="button"
        >
          
          <!---->
          
          
           Back 
          
          <!---->
        </a>
        <div
          class="button-list"
        >
          <a
            class="k-button medium rounded outline"
            data-testid="onboarding-skip-button"
            href="/"
            type="button"
          >
            
            <!---->
            
            
             Skip setup 
            
            <!---->
          </a>
          <a
            class="k-button medium rounded primary"
            data-testid="onboarding-next-button"
            href="/onboarding/add-services-code"
            type="button"
          >
            
            <!---->
            
            
            Next
            
            <!---->
          </a>
        </div>
      </div>
      
    </div>
  </div>
  <div
    class="background-image"
  />
</div>
`;
