// Jest Snapshot v1, https://goo.gl/fbAQLP

exports[`AddNewServices.vue renders snapshot 1`] = `
<div
  class="route-view"
>
  <div
    aria-atomic="true"
    aria-live="assertive"
    class="route-view-title sr-only"
  >
    Navigated to 
  </div>
  
  <!--v-if-->
  <main
    class="app-main-content"
  >
    
    <!--v-if-->
    <section
      class=""
    >
      <!--v-if-->
      
      <div>
        <div
          class="onboarding-container"
        >
          <div
            class="onboarding-container__header"
          >
            
            <div
              class="onboarding-heading"
            >
              <h1
                class="onboarding-title"
              >
                
                 Add services 
                
              </h1>
              <!--v-if-->
            </div>
            
          </div>
          <div
            class="onboarding-container__content"
          >
            <div
              class="onboarding-container__inner-content"
            >
              
              <div
                class="service-mode-list"
              >
                <div
                  class="box box--active"
                  data-testid="box"
                >
                  
                  <div
                    class="service-box-content"
                  >
                    <img />
                    <p
                      class="service-mode-title"
                    >
                       Demo app 
                    </p>
                    <p>
                      Counter application
                    </p>
                  </div>
                  
                </div>
                <div
                  class="box"
                  data-testid="box"
                >
                  
                  <div
                    class="service-box-content"
                  >
                    <img />
                    <p
                      class="service-mode-title"
                    >
                       Manually 
                    </p>
                    <p>
                      After this wizard
                    </p>
                  </div>
                  
                </div>
              </div>
              
            </div>
          </div>
          <div
            class="mt-4"
          >
            
            <div
              class="onboarding-actions"
            >
              <a
                class="k-button medium rounded secondary"
                data-testid="onboarding-previous-button"
                href="/gui/onboarding/create-mesh"
                type="button"
              >
                
                <!---->
                
                
                 Back 
                
                <!---->
              </a>
              <div
                class="button-list"
              >
                <a
                  class="k-button medium rounded outline"
                  data-testid="onboarding-skip-button"
                  href="/gui/"
                  type="button"
                >
                  
                  <!---->
                  
                  
                   Skip setup 
                  
                  <!---->
                </a>
                <a
                  class="k-button medium rounded primary"
                  data-testid="onboarding-next-button"
                  href="/gui/onboarding/add-services-code"
                  type="button"
                >
                  
                  <!---->
                  
                  
                  Next
                  
                  <!---->
                </a>
              </div>
            </div>
            
          </div>
        </div>
        <div
          class="background-image"
        />
      </div>
      
    </section>
    
  </main>
  
</div>
`;
