// Jest Snapshot v1, https://goo.gl/fbAQLP

exports[`CompletedView.vue renders snapshot 1`] = `
<div
  class="route-view"
>
  <div
    aria-atomic="true"
    aria-live="assertive"
    class="route-view-title sr-only"
  >
    Navigated to 
  </div>
  
  <!--v-if-->
  <main
    class="app-main-content"
  >
    
    <!--v-if-->
    <section
      class=""
    >
      <!--v-if-->
      
      <div>
        <div
          class="onboarding-container"
        >
          <div
            class="onboarding-container__header"
          >
            
            <div
              class="onboarding-heading"
            >
              <h1
                class="onboarding-title"
              >
                
                 Go to the dashboard 
                
              </h1>
              <!--v-if-->
            </div>
            
          </div>
          <div
            class="onboarding-container__content"
          >
            <div
              class="onboarding-container__inner-content"
            >
              
              <div
                class="gui-preview-image"
              >
                <img />
              </div>
              
            </div>
          </div>
          <div
            class="mt-4"
          >
            
            <div
              class="onboarding-actions"
            >
              <!--v-if-->
              <div
                class="button-list"
              >
                <!--v-if-->
                <a
                  class="k-button medium rounded creation"
                  data-testid="onboarding-next-button"
                  href="/gui/"
                  type="button"
                >
                  
                  <!---->
                  
                  
                  Complete
                  
                  <!---->
                </a>
              </div>
            </div>
            
          </div>
        </div>
        <div
          class="background-image"
        />
      </div>
      
    </section>
    
  </main>
  
</div>
`;
