// Jest Snapshot v1, https://goo.gl/fbAQLP

exports[`OnboardingNavigation.vue renders snapshot 1`] = `
<div>
  <div
    class="mt-4 flex items-center flex-col sm:flex-row justify-between"
  >
    <a
      class="medium rounded primary k-button navigation-button navigation-button--back"
      data-v-6f773baa=""
      type="button"
    >
      
      <!---->
      
      
       Back 
      
      <!---->
    </a>
    <div>
      <button
        class="small rounded btn-link k-button skip-button"
        data-v-6f773baa=""
        type="button"
      >
        
        <!---->
        
        
         Skip Setup 
        
        <!---->
      </button>
      <span
        class="inline-block"
      >
        <a
          class="medium rounded primary k-button navigation-button navigation-button--next"
          data-v-6f773baa=""
          type="button"
        >
          
          <!---->
          
          
          Next
          
          <!---->
        </a>
      </span>
    </div>
  </div>
</div>
`;
