// Jest Snapshot v1, https://goo.gl/fbAQLP

exports[`TabsWidget.vue renders basic snapshot 1`] = `
<div>
  <div
    class="tab-container"
    data-testid="tab-container"
  >
    <!--v-if-->
    <div
      class="tab__content-container"
    >
      <div
        class="k-tabs"
        data-v-6bcd6661=""
      >
        <ul
          aria-label="ktabs"
          data-v-6bcd6661=""
          role="tablist"
        >
          
          <li
            aria-controls="panel-0"
            aria-selected="true"
            class="active tab-item"
            data-v-6bcd6661=""
            id="universal-tab"
            role="tab"
            tabindex="0"
          >
            <a
              class="tab-link"
              data-v-6bcd6661=""
            >
              
              Universal
              
            </a>
          </li>
          <li
            aria-controls="panel-1"
            aria-selected="false"
            class="tab-item"
            data-v-6bcd6661=""
            id="kubernetes-tab"
            role="tab"
            tabindex="0"
          >
            <a
              class="tab-link"
              data-v-6bcd6661=""
            >
              
              Kubernetes
              
            </a>
          </li>
          
        </ul>
        
        <div
          aria-labelledby="universal-tab"
          class="tab-container"
          data-v-6bcd6661=""
          id="panel-0"
          role="tabpanel"
          tabindex="0"
        >
          
          
          <div>
            Universal
          </div>
          
          
        </div>
        <div
          aria-labelledby="kubernetes-tab"
          class="tab-container"
          data-v-6bcd6661=""
          id="panel-1"
          role="tabpanel"
          tabindex="0"
        >
          <!---->
        </div>
        
      </div>
      <div>
        <!--v-if-->
      </div>
    </div>
  </div>
</div>
`;
