// Jest Snapshot v1, https://goo.gl/fbAQLP

exports[`AddingNewServices.vue renders snapshot 1`] = `
<div>
  <div>
    <div
      class="onboarding-container"
    >
      <div
        class="onboarding-container__header"
      >
        <div
          class="relative"
        >
          <h1
            class="onboarding-title"
          >
            
    Add services
  
          </h1>
           
          <!---->
        </div>
      </div>
       
      <div
        class="onboarding-container__content"
      >
        <div
          class="w-full"
        >
          <div
            class="h-full w-full flex justify-evenly items-center"
          >
            <div
              class="cursor-pointer box box--active"
              data-testid="box"
            >
              <div>
                <img
                  src="@/assets/images/new-service-demo.svg?external"
                />
                 
                <div
                  class="ml-3"
                >
                  <p
                    class="uppercase font-bold tracking-wider"
                  >
                    
              Demo app
            
                  </p>
                   
                  <p>
                    Counter application
                  </p>
                </div>
              </div>
            </div>
             
            <div
              class="cursor-pointer box"
              data-testid="box"
            >
              <div
                class="cursor-pointer"
              >
                <img
                  src="@/assets/images/new-service-manually.svg?external"
                />
                 
                <div
                  class="ml-3"
                >
                  <p
                    class="uppercase font-bold tracking-wider"
                  >
                    
              Manually
            
                  </p>
                   
                  <p>
                    After this wizzard
                  </p>
                </div>
              </div>
            </div>
          </div>
        </div>
      </div>
       
      <div
        class="mt-4 flex items-center flex-col sm:flex-row justify-between"
      >
        <a
          aria-current="page"
          class="k-button navigation-button navigation-button--back router-link-exact-active router-link-active primary"
          data-v-38fa8ecf=""
          href="#/"
          type="button"
        >
          
    Back
  
        </a>
         
        <div>
          <button
            class="k-button skip-button small btn-link"
            data-v-38fa8ecf=""
            type="button"
          >
            
      Skip Setup
    
          </button>
           
          <a
            aria-current="page"
            class="k-button navigation-button navigation-button--next router-link-exact-active router-link-active primary"
            data-v-38fa8ecf=""
            href="#/"
            type="button"
          >
            
      Next
    
          </a>
        </div>
      </div>
    </div>
     
    <div
      class="background-image"
    />
  </div>
</div>
`;
