// Jest Snapshot v1, https://goo.gl/fbAQLP

exports[`AddNewServicesCode.vue renders snapshot 1`] = `
<div>
  <div>
    <div
      class="onboarding-container"
    >
      <div
        class="onboarding-container__header"
      >
        
        <div
          class="relative"
        >
          <h1
            class="onboarding-title"
          >
            Add services
          </h1>
          <!--v-if-->
        </div>
        
      </div>
      <div
        class="onboarding-container__content"
      >
        <div
          class="w-full"
        >
          
          <p
            class="text-center mb-12"
          >
             The demo application includes two services: a Redis backend to store a counter value, and a frontend web UI to show and increment the counter. 
          </p>
          <div>
            <p>
              Clone the GitHub repository for the demo application:
            </p>
            <div
              class="code-block"
              tabindex="0"
            >
              <!--v-if-->
              <div
                class="code-block__content"
              >
                <!-- eslint-disable vue/no-v-html -->
                <pre
                  class="highlighted-code-block"
                  data-testid="highlighted-code-block"
                >
                  <code />
                </pre>
                <!-- eslint-enable vue/no-v-html -->
                
                <div
                  aria-controls="aaaabbbb-cccc-dddd-eeee-ffffffffffff"
                  data-v-814c880a=""
                  id="aaaabbbb-cccc-dddd-eeee-ffffffffffff"
                  role="button"
                >
                  
                  <button
                    class="code-block__copy-button"
                    type="button"
                  >
                    <span
                      class="kong-icon-copy kong-icon"
                      data-v-71cfcfc4=""
                    >
                      <svg
                        height="16"
                        viewBox="0 0 32 32"
                        width="16"
                        xmlns="http://www.w3.org/2000/svg"
                      >
                        
  
                        <title>
                          Copy
                        </title>
                        
  
                        <path
                          d="M25.313 28v-18.688h-14.625v18.688h14.625zM25.313 6.688c1.438 0 2.688 1.188 2.688 2.625v18.688c0 1.438-1.25 2.688-2.688 2.688h-14.625c-1.438 0-2.688-1.25-2.688-2.688v-18.688c0-1.438 1.25-2.625 2.688-2.625h14.625zM21.313 1.313v2.688h-16v18.688h-2.625v-18.688c0-1.438 1.188-2.688 2.625-2.688h16z"
                          fill="#A3BBCC"
                        />
                        

                      </svg>
                      

                    </span>
                    <span
                      class="kutil-sr-only"
                    >
                      Copy
                    </span>
                  </button>
                  
                  <transition-stub
                    appear="false"
                    css="true"
                    data-v-814c880a=""
                    name="fade"
                    persisted="false"
                  >
                    <div
                      class="k-popover"
                      data-v-814c880a=""
                      id="aaaabbbb-cccc-dddd-eeee-ffffffffffff"
                      role="region"
                      style="width: 200px; max-width: 350px; max-height: auto; display: none;"
                    >
                      <!---->
                      <div
                        class="k-popover-content"
                        data-v-814c880a=""
                      >
                        
                        <p>
                          Code copied to clipboard
                        </p>
                        
                      </div>
                      <!---->
                    </div>
                  </transition-stub>
                </div>
                
              </div>
            </div>
            <section
              aria-describedby="aaaabbbb-cccc-dddd-eeee-ffffffffffff"
              aria-label="And follow the instructions in the README"
              class="noBorder kong-card"
              data-v-1f0d90ac=""
            >
              <div
                class="k-card-header d-flex mb-3"
                data-v-1f0d90ac=""
              >
                <!---->
                <div
                  class="k-card-title mb-3"
                  data-v-1f0d90ac=""
                >
                  <h4
                    data-v-1f0d90ac=""
                  >
                    
                    And follow the instructions in the README
                    
                  </h4>
                </div>
                <div
                  class="k-card-actions"
                  data-v-1f0d90ac=""
                >
                  
                  
                </div>
              </div>
              <!---->
              <div
                class="k-card-content d-flex"
                data-v-1f0d90ac=""
              >
                <div
                  class="k-card-body"
                  data-v-1f0d90ac=""
                  id="aaaabbbb-cccc-dddd-eeee-ffffffffffff"
                >
                  
                  <a
                    class="external-link-code-block"
                    href="https://github.com/kumahq/kuma-counter-demo/blob/master/README.md"
                    target="_blank"
                  >
                    https://github.com/kumahq/kuma-counter-demo/blob/master/README.md
                  </a>
                  
                </div>
                <!---->
              </div>
            </section>
          </div>
          <div>
            <p
              class="text-center my-4"
            >
               DPPs status: 
              <span
                class="text-red-500"
                data-testid="dpps-disconnected"
              >
                Disconeccted
              </span>
            </p>
            <div
              class="flex justify-center"
            >
              <div
                class="loading"
                data-testid="loading"
              >
                <div />
                <div />
                <div />
                <div />
                <div />
              </div>
            </div>
          </div>
          
        </div>
      </div>
      
      <div
        class="mt-4 flex items-center flex-col sm:flex-row justify-between"
      >
        <a
          class="medium rounded primary k-button navigation-button navigation-button--back"
          data-v-6bcbf05d=""
          type="button"
        >
          
          <!---->
          
          
           Back 
          
          <!---->
        </a>
        <div>
          <button
            class="small rounded btn-link k-button skip-button"
            data-v-6bcbf05d=""
            type="button"
          >
            
            <!---->
            
            
             Skip Setup 
            
            <!---->
          </button>
          <span
            class="inline-block cursor-not-allowed"
          >
            <a
              class="medium rounded primary k-button navigation-button navigation-button--next"
              data-v-6bcbf05d=""
              disabled="true"
              type="button"
            >
              
              <!---->
              
              
              Next
              
              <!---->
            </a>
          </span>
        </div>
      </div>
      
    </div>
    <div
      class="background-image"
    />
  </div>
</div>
`;
