// Jest Snapshot v1, https://goo.gl/fbAQLP

exports[`Introduction.vue renders snapshot 1`] = `
<div>
  <div
    class="container mx-auto"
  >
    <div>
      <div>
        <h1
          class="text-center text-4xl mb-6"
        >
          
    Introduction
  
        </h1>
         
        <p
          class="text-center"
        >
          
    To get started with Kuma, we must first take a look at a few basic concepts.
  
        </p>
      </div>
       
      <div
        class="md:w-4/5 lg:w-3/5 mx-auto"
      >
        <div>
          <div
            data-v-3cb990b6=""
          >
            <span
              data-v-3cb990b6=""
            >
              Standalone 1
            </span>
             
            <transition-stub
              data-v-3cb990b6=""
              name="fade"
            >
              <div
                class="k-popover"
                data-v-3cb990b6=""
                style="width: 200px; display: none;"
              >
                <!---->
                <div
                  class="k-popover-content"
                  data-v-3cb990b6=""
                >
                  <div>
                    <p>
                      Text of Standalone 1
                    </p>
                  </div>
                </div>
              </div>
            </transition-stub>
          </div>
           
          <div
            data-v-3cb990b6=""
          >
            <span
              data-v-3cb990b6=""
            >
              Standalone 2
            </span>
             
            <transition-stub
              data-v-3cb990b6=""
              name="fade"
            >
              <div
                class="k-popover"
                data-v-3cb990b6=""
                style="width: 200px; display: none;"
              >
                <!---->
                <div
                  class="k-popover-content"
                  data-v-3cb990b6=""
                >
                  <div>
                    <p>
                      Text of Standalone 2
                    </p>
                  </div>
                </div>
              </div>
            </transition-stub>
          </div>
        </div>
         
        <label
          class="k-radio d-inline-block"
          data-v-b7148f78=""
          name="mode"
        >
          <input
            class="k-input float-left"
            data-v-b7148f78=""
            name="mode"
            type="radio"
          />
          <span
            class="float-left"
            data-v-b7148f78=""
          >
            
        Standalone Deployment
      
          </span>
        </label>
         
        <label
          class="k-radio d-inline-block"
          data-v-b7148f78=""
          name="mode"
        >
          <input
            class="k-input float-left"
            data-v-b7148f78=""
            name="mode"
            type="radio"
          />
          <span
            class="float-left"
            data-v-b7148f78=""
          >
            
        Multi-Zone deployment
      
          </span>
        </label>
      </div>
    </div>
     
    <div
      class="mt-4 flex justify-between"
    >
      <div>
        <a
          aria-current="page"
          class="k-button mr-4 router-link-exact-active router-link-active secondary"
          data-v-38fa8ecf=""
          href="#/"
          type="button"
        >
          
      Back
    
        </a>
         
        <a
          aria-current="page"
          class="k-button skip-button router-link-exact-active router-link-active small btn-link"
          data-v-38fa8ecf=""
          href="#/"
          type="button"
        >
          
      or Skip
    
        </a>
      </div>
       
      <a
        aria-current="page"
        class="k-button router-link-exact-active router-link-active primary"
        data-v-38fa8ecf=""
        href="#/"
        type="button"
      >
        
    Next
  
      </a>
    </div>
  </div>
</div>
`;
