// Jest Snapshot v1, https://goo.gl/fbAQLP

exports[`PopulatingMesh.vue renders snapshot 1`] = `
<div>
  <div
    class="onboarding-container"
  >
    <div
      class="min-h-96"
    >
      <div
        class="mb-6"
      >
        <h1
          class="text-center text-4xl mb-4 min-h-8"
        >
          
    Populating Mesh
  
        </h1>
         
        <p
          class="text-center"
        >
          
    Kuma is a multi-tenat system that can support multiple service meshes in the same cluster
  
        </p>
      </div>
       
      <div
        class="flex justify-center"
      >
        <div
          class="w-full lg:w-3/5 py-4"
        >
          <table
            class="k-table has-hover is-small side-border"
            data-v-bfeabd48=""
          >
            <thead
              data-v-bfeabd48=""
            >
              <tr
                data-v-bfeabd48=""
              >
                <th
                  class=""
                  data-v-bfeabd48=""
                >
                   Name 
                </th>
                <th
                  class=""
                  data-v-bfeabd48=""
                >
                   # of DPPs 
                </th>
              </tr>
            </thead>
            <tbody
              data-v-bfeabd48=""
            >
              <tr
                data-v-bfeabd48=""
              >
                <td
                  data-v-bfeabd48=""
                >
                  default
                </td>
                <td
                  data-v-bfeabd48=""
                >
                  0
                </td>
              </tr>
            </tbody>
          </table>
        </div>
      </div>
       
      <p
        class="text-center"
      >
        
      By default, Kuma creates a "default" mesh that is ready to use, let's add some DPPs to it in the next step
    
      </p>
    </div>
     
    <div
      class="mt-4 flex justify-between"
    >
      <div>
        <a
          aria-current="page"
          class="k-button mr-4 router-link-exact-active router-link-active secondary"
          data-v-38fa8ecf=""
          href="#/"
          type="button"
        >
          
      Back
    
        </a>
         
        <a
          aria-current="page"
          class="k-button skip-button router-link-exact-active router-link-active small btn-link"
          data-v-38fa8ecf=""
          href="#/"
          type="button"
        >
          
      or Skip
    
        </a>
      </div>
       
      <a
        aria-current="page"
        class="k-button router-link-exact-active router-link-active primary"
        data-v-38fa8ecf=""
        href="#/"
        type="button"
      >
        
    Next
  
      </a>
    </div>
  </div>
</div>
`;
