// Jest Snapshot v1, https://goo.gl/fbAQLP

exports[`UpgradeCheck.vue renders snapshot 1`] = `
<div
  class="upgrade-check"
>
  <div
    class="warning small none k-alert upgrade-check-alert"
    role="alert"
  >
    <!---->
    <!---->
    <div
      class="k-alert-msg-text"
    >
      <!---->
      <div
        class="k-alert-msg"
      >
        
        <div
          class="alert-content"
        >
          <div>
            Kuma update available 
          </div>
          <div>
            <a
              class="small rounded primary k-button warning-button"
              href="https://kuma.io/install/latest/?utm_source=Kuma&utm_medium=Kuma-GUI"
              type="button"
            >
              
              <!---->
              
              
               Update 
              
              <!---->
            </a>
          </div>
        </div>
        
      </div>
      <!---->
    </div>
    <!---->
    <!---->
  </div>
</div>
`;
