// Jest Snapshot v1, https://goo.gl/fbAQLP

exports[`AppLoadingBar renders snapshot at the beginning 1`] = `
<div>
  <div
    class="full-screen"
  >
    <div
      class="loading-container"
    >
      <img />
      <div
        class="progress"
      >
        <div
          class="progress-bar"
          role="progressbar"
          style="width: 10%;"
        />
      </div>
    </div>
  </div>
</div>
`;
