// Jest Snapshot v1, https://goo.gl/fbAQLP

exports[`AppOnboardingNotification renders snapshot 1`] = `
<div
  class="onboarding-check"
>
  <div
    class="k-alert success icon dismissible"
    role="alert"
  >
    <!---->
    <!---->
    <div
      class="k-alert-msg-text has-dismiss-icon"
    >
      <!---->
      <div
        class="k-alert-msg"
      >
        
        <div
          class="alert-content"
        >
          <div>
            <strong>
              Welcome to Kuma!
            </strong>
             We've detected that you don't have any data plane proxies running yet. We've created an onboarding process to help you! 
          </div>
          <div>
            <a
              class="k-button small rounded primary action-button"
              href="/onboarding/welcome"
              type="button"
            >
              
              <!---->
              
              
               Get started 
              
              <!---->
            </a>
          </div>
        </div>
        
      </div>
      <!---->
    </div>
    <button
      aria-label="Close"
      class="close"
      type="button"
    >
      <span
        class="success kong-icon kong-icon-close"
      >
        <svg
          fill="none"
          viewBox="0 0 20 20"
          xmlns="http://www.w3.org/2000/svg"
        >
          
  
          <title>
            Close
          </title>
          
  
          <path
            d="M16 4 3 17m13 0L3 4"
            stroke="#A3BBCC"
            stroke-linecap="round"
            stroke-width="2"
          />
          

        </svg>
        

      </span>
    </button>
    <div
      class="k-alert-action success"
    >
      <!---->
      <!---->
    </div>
  </div>
</div>
`;
