// Jest Snapshot v1, https://goo.gl/fbAQLP

exports[`AppSidebar.vue renders snapshot 1`] = `
<div
  class="app-sidebar-wrapper"
>
  <aside
    class="app-sidebar"
  >
    
    
    <div
      class="nav-item nav-item--has-bottom-offset"
      data-testid="home"
    >
      <a
        class="nav-link"
      >
        Home 
        <!--v-if-->
      </a>
    </div>
    
    
    <div
      class="nav-item nav-item--is-category nav-item--is-primary-category"
      data-testid=""
    >
      <div
        class="nav-category"
      >
        Mesh
      </div>
    </div>
    
    
    
    <!--v-if-->
    
    
    
    <div
      class="nav-item"
      data-testid="mesh-detail-view"
    >
      <a
        class="nav-link"
      >
        Overview 
        <!--v-if-->
      </a>
    </div>
    
    
    <div
      class="nav-item"
      data-testid="service-list-view"
    >
      <a
        class="nav-link"
      >
        Services 
        <span
          class="amount amount--empty"
        >
          0
        </span>
      </a>
    </div>
    
    
    <div
      class="nav-item"
      data-testid="gateway-list-view"
    >
      <a
        class="nav-link"
      >
        Gateways 
        <span
          class="amount amount--empty"
        >
          0
        </span>
      </a>
    </div>
    
    
    <div
      class="nav-item"
      data-testid="data-plane-list-view"
    >
      <a
        class="nav-link"
      >
        Data Plane Proxies 
        <span
          class="amount amount--empty"
        >
          0
        </span>
      </a>
    </div>
    
    
    <div
      class="nav-item"
      data-testid="circuit-breakers"
    >
      <a
        class="nav-link"
      >
        Policies 
        <!--v-if-->
      </a>
    </div>
    
    
  </aside>
</div>
`;
