// Jest Snapshot v1, https://goo.gl/fbAQLP

exports[`NavItem.vue renders snapshot with link to selected mesh 1`] = `
<div>
  <div
    class="nav-item is-menu-item nav-item--is-secondary"
    data-testid="data-plane-list-view"
  >
    <a
      class=""
      href="#/mesh/all/data-planes"
    >
      <!--v-if-->
      <div
        class="nav-link"
      >
        
        All 
        <span
          class="amount amount--empty"
        >
          0
        </span>
        
      </div>
    </a>
  </div>
</div>
`;
