// Jest Snapshot v1, https://goo.gl/fbAQLP

exports[`DataPlaneDetails matches snapshot 1`] = `
<div
  class="tab-container"
  data-testid="tab-container"
>
  <header
    class="tab__header"
  >
    
    <div>
      <h3>
         DPP: backend
      </h3>
    </div>
    <div>
      <div
        data-testid="entity-url-control"
      >
        
        <div
          aria-controls="aaaabbbb-cccc-dddd-eeee-ffffffffffff"
          aria-expanded="false"
          data-v-9bbde9b2=""
          id="aaaabbbb-cccc-dddd-eeee-ffffffffffff"
          role="button"
        >
          
          <button
            class="small rounded outline k-button"
            data-v-6bcbf05d=""
            type="button"
          >
            
            <span
              class="k-button-icon kong-icon-copy kong-icon"
              data-v-637de6fa=""
              data-v-6bcbf05d=""
            >
              <svg
                height="16"
                viewBox="0 0 32 32"
                width="16"
                xmlns="http://www.w3.org/2000/svg"
              >
                
  
                <title>
                  Copy
                </title>
                
  
                <path
                  d="M25.313 28v-18.688h-14.625v18.688h14.625zM25.313 6.688c1.438 0 2.688 1.188 2.688 2.625v18.688c0 1.438-1.25 2.688-2.688 2.688h-14.625c-1.438 0-2.688-1.25-2.688-2.688v-18.688c0-1.438 1.25-2.625 2.688-2.625h14.625zM21.313 1.313v2.688h-16v18.688h-2.625v-18.688c0-1.438 1.188-2.688 2.625-2.688h16z"
                  fill="#A3BBCC"
                />
                

              </svg>
              

            </span>
            
            
             Copy URL 
            
            <!---->
          </button>
          
          <transition-stub
            appear="false"
            css="true"
            data-v-9bbde9b2=""
            name="fade"
            persisted="false"
          >
            <div
              class="k-popover"
              data-v-9bbde9b2=""
              id="aaaabbbb-cccc-dddd-eeee-ffffffffffff"
              role="region"
              style="width: 200px; max-width: 350px; max-height: auto; display: none;"
            >
              <!---->
              <div
                class="k-popover-content"
                data-v-9bbde9b2=""
              >
                
                <p>
                  URL copied to clipboard!
                </p>
                
              </div>
              <!---->
            </div>
          </transition-stub>
        </div>
        
      </div>
    </div>
    
  </header>
  <div
    class="tab__content-container"
  >
    <div
      class="k-tabs"
      data-v-6bcd6661=""
    >
      <ul
        aria-label="ktabs"
        data-v-6bcd6661=""
        role="tablist"
      >
        
        <li
          aria-controls="panel-0"
          aria-selected="true"
          class="active tab-item"
          data-v-6bcd6661=""
          id="overview-tab"
          role="tab"
          tabindex="0"
        >
          <a
            class="tab-link"
            data-v-6bcd6661=""
          >
            
            Overview
            
          </a>
        </li>
        <li
          aria-controls="panel-1"
          aria-selected="false"
          class="tab-item"
          data-v-6bcd6661=""
          id="insights-tab"
          role="tab"
          tabindex="0"
        >
          <a
            class="tab-link"
            data-v-6bcd6661=""
          >
            
            DPP Insights
            
          </a>
        </li>
        <li
          aria-controls="panel-2"
          aria-selected="false"
          class="tab-item"
          data-v-6bcd6661=""
          id="dpp-policies-tab"
          role="tab"
          tabindex="0"
        >
          <a
            class="tab-link"
            data-v-6bcd6661=""
          >
            
            Policies
            
          </a>
        </li>
        <li
          aria-controls="panel-3"
          aria-selected="false"
          class="tab-item"
          data-v-6bcd6661=""
          id="xds-configuration-tab"
          role="tab"
          tabindex="0"
        >
          <a
            class="tab-link"
            data-v-6bcd6661=""
          >
            
            XDS Configuration
            
          </a>
        </li>
        <li
          aria-controls="panel-4"
          aria-selected="false"
          class="tab-item"
          data-v-6bcd6661=""
          id="envoy-stats-tab"
          role="tab"
          tabindex="0"
        >
          <a
            class="tab-link"
            data-v-6bcd6661=""
          >
            
            Stats
            
          </a>
        </li>
        <li
          aria-controls="panel-5"
          aria-selected="false"
          class="tab-item"
          data-v-6bcd6661=""
          id="envoy-clusters-tab"
          role="tab"
          tabindex="0"
        >
          <a
            class="tab-link"
            data-v-6bcd6661=""
          >
            
            Clusters
            
          </a>
        </li>
        <li
          aria-controls="panel-6"
          aria-selected="false"
          class="tab-item"
          data-v-6bcd6661=""
          id="mtls-tab"
          role="tab"
          tabindex="0"
        >
          <a
            class="tab-link"
            data-v-6bcd6661=""
          >
            
            Certificate Insights
            
          </a>
        </li>
        
      </ul>
      
      <div
        aria-labelledby="overview-tab"
        class="tab-container"
        data-v-6bcd6661=""
        id="panel-0"
        role="tabpanel"
        tabindex="0"
      >
        
        
        <div>
          <div
            class="label-list-content"
          >
            <section
              aria-describedby="aaaabbbb-cccc-dddd-eeee-ffffffffffff"
              class="noBorder kong-card"
              data-v-52c90d54=""
            >
              <!---->
              <!---->
              <div
                class="k-card-content d-flex"
                data-v-52c90d54=""
              >
                <div
                  class="k-card-body"
                  data-v-52c90d54=""
                  id="aaaabbbb-cccc-dddd-eeee-ffffffffffff"
                >
                  
                  <div
                    class="label-list__col-wrapper multi-col"
                  >
                    
                    <div>
                      <ul>
                        
                        <li>
                          <h4>
                            type
                          </h4>
                          <div>
                            Dataplane
                          </div>
                        </li>
                        <li>
                          <h4>
                            name
                          </h4>
                          <div>
                            backend
                          </div>
                        </li>
                        <li>
                          <h4>
                            mesh
                          </h4>
                          <div>
                            default
                          </div>
                        </li>
                        <li>
                          <h4>
                            status
                          </h4>
                          <div>
                            <div
                              class="entity-status"
                            >
                              <span
                                class="entity-status__label"
                              >
                                Online
                              </span>
                            </div>
                            
                            
                          </div>
                        </li>
                        
                      </ul>
                    </div>
                    <div>
                      
                      <h4>
                        Tags
                      </h4>
                      <p>
                        
                        <span
                          class="tag-cols"
                        >
                          <span>
                            kuma.io/protocol: 
                          </span>
                          <span>
                            http
                          </span>
                        </span>
                        <span
                          class="tag-cols"
                        >
                          <span>
                            kuma.io/service: 
                          </span>
                          <span>
                            backend
                          </span>
                        </span>
                        
                      </p>
                      
                      
                      <h4>
                        Versions
                      </h4>
                      <p>
                        
                        <span
                          class="tag-cols"
                        >
                          <span>
                            envoy: 
                          </span>
                          <span>
                            1.16.2
                          </span>
                        </span>
                        <span
                          class="tag-cols"
                        >
                          <span>
                            kumaDp: 
                          </span>
                          <span>
                            1.0.7
                          </span>
                        </span>
                        <span
                          class="tag-cols"
                        >
                          <span>
                            coredns: 
                          </span>
                          <span>
                            1.8.3
                          </span>
                        </span>
                        
                      </p>
                      
                    </div>
                    
                  </div>
                  
                </div>
                <!---->
              </div>
            </section>
          </div>
        </div>
        <div
          class="config-wrapper"
        >
          <div
            class="yaml-view"
          >
            <div
              class="yaml-view-content"
            >
              <div
                class="k-tabs"
                data-v-6bcd6661=""
              >
                <ul
                  aria-label="ktabs"
                  data-v-6bcd6661=""
                  role="tablist"
                >
                  
                  <li
                    aria-controls="panel-0"
                    aria-selected="true"
                    class="active tab-item"
                    data-v-6bcd6661=""
                    id="universal-tab"
                    role="tab"
                    tabindex="0"
                  >
                    <a
                      class="tab-link"
                      data-v-6bcd6661=""
                    >
                      
                      Universal
                      
                    </a>
                  </li>
                  <li
                    aria-controls="panel-1"
                    aria-selected="false"
                    class="tab-item"
                    data-v-6bcd6661=""
                    id="kubernetes-tab"
                    role="tab"
                    tabindex="0"
                  >
                    <a
                      class="tab-link"
                      data-v-6bcd6661=""
                    >
                      
                      Kubernetes
                      
                    </a>
                  </li>
                  
                </ul>
                
                <div
                  aria-labelledby="universal-tab"
                  class="tab-container"
                  data-v-6bcd6661=""
                  id="panel-0"
                  role="tabpanel"
                  tabindex="0"
                >
                  
                  <div
                    class="code-block"
                    tabindex="0"
                  >
                    <div
                      class="code-block__actions"
                    >
                      <!--v-if-->
                      <!--v-if-->
                      <label
                        class="k-input-label code-search"
                        data-v-3472eb06=""
                        for="code-block-data-plane-search-input"
                      >
                        
                        <span
                          class="kutil-sr-only"
                        >
                          Highlight
                        </span>
                        <div
                          class="k-input-wrapper"
                          data-v-3018ca1a=""
                        >
                          <input
                            class="k-input-medium form-control k-input"
                            data-testid="search-input"
                            data-v-3018ca1a=""
                            id="code-block-data-plane-search-input"
                            type="text"
                          />
                          <!---->
                          <!---->
                        </div>
                        
                      </label>
                      <button
                        aria-pressed="false"
                        class="small outline k-button regexp-mode-button"
                        data-testid="regexp-mode-button"
                        data-v-6bcbf05d=""
                        title="Use regular expression (Alt+R)"
                        type="button"
                      >
                        
                        <!---->
                        
                        
                        <span
                          class="kutil-sr-only"
                        >
                          RegExp mode enabled
                        </span>
                         .* 
                        
                        <!---->
                      </button>
                      <button
                        aria-pressed="false"
                        class="small outline k-button filter-mode-button"
                        data-testid="filter-mode-button"
                        data-v-6bcbf05d=""
                        title="Filter results (Alt+F)"
                        type="button"
                      >
                        
                        <span
                          class="button-icon kong-icon-filter kong-icon"
                          data-v-637de6fa=""
                        >
                          <svg
                            height="11"
                            viewBox="0 0 14 11"
                            width="14"
                            xmlns="http://www.w3.org/2000/svg"
                          >
                            
  
                            <title>
                              Filter
                            </title>
                            
  
                            <path
                              d="M8 9v2H6V9h2zm2-3v2H4V6h6zm2-3v2H2V3h10zm2-3v2H0V0h14z"
                              fill="#A3BBCC"
                              fill-rule="evenodd"
                            />
                            

                          </svg>
                          

                        </span>
                        
                        
                        <span
                          class="kutil-sr-only"
                        >
                          Filter mode enabled
                        </span>
                        
                        <!---->
                      </button>
                      <button
                        class="small outline k-button previous-match-button"
                        data-testid="previous-match-button"
                        data-v-6bcbf05d=""
                        disabled=""
                        title="Previous match (Shift+Enter)"
                        type="button"
                      >
                        
                        <span
                          class="button-icon kong-icon-chevronUp kong-icon"
                          data-v-637de6fa=""
                        >
                          <svg
                            fill="none"
                            viewBox="0 0 20 20"
                            xmlns="http://www.w3.org/2000/svg"
                          >
                            
  
                            <title>
                              Collapse
                            </title>
                            
  
                            <path
                              d="M15 12 9.8 7l-5.2 5"
                              fill="none"
                              stroke="#A3BBCC"
                              stroke-linecap="round"
                              stroke-linejoin="round"
                              stroke-width="2"
                            />
                            

                          </svg>
                          

                        </span>
                        
                        
                        <span
                          class="kutil-sr-only"
                        >
                          Previous match
                        </span>
                        
                        <!---->
                      </button>
                      <button
                        class="small outline k-button next-match-button"
                        data-testid="next-match-button"
                        data-v-6bcbf05d=""
                        disabled=""
                        title="Next match (Enter)"
                        type="button"
                      >
                        
                        <span
                          class="button-icon kong-icon-chevronDown kong-icon"
                          data-v-637de6fa=""
                        >
                          <svg
                            fill="none"
                            viewBox="0 0 20 20"
                            xmlns="http://www.w3.org/2000/svg"
                          >
                            
  
                            <title>
                              Expand
                            </title>
                            
  
                            <path
                              d="m4.6 7 5.2 5L15 7"
                              fill="none"
                              stroke="#A3BBCC"
                              stroke-linecap="round"
                              stroke-linejoin="round"
                              stroke-width="2"
                            />
                            

                          </svg>
                          

                        </span>
                        
                        
                        <span
                          class="kutil-sr-only"
                        >
                          Next match
                        </span>
                        
                        <!---->
                      </button>
                    </div>
                    <div
                      class="code-block__content"
                    >
                      <!-- eslint-disable vue/no-v-html -->
                      <pre
                        class="highlighted-code-block"
                        data-testid="highlighted-code-block"
                      >
                        <code />
                      </pre>
                      <!-- eslint-enable vue/no-v-html -->
                      
                      <div
                        aria-controls="aaaabbbb-cccc-dddd-eeee-ffffffffffff"
                        aria-expanded="false"
                        data-v-9bbde9b2=""
                        id="aaaabbbb-cccc-dddd-eeee-ffffffffffff"
                        role="button"
                      >
                        
                        <button
                          class="code-block__copy-button"
                          type="button"
                        >
                          <span
                            class="kong-icon-copy kong-icon"
                            data-v-637de6fa=""
                          >
                            <svg
                              height="16"
                              viewBox="0 0 32 32"
                              width="16"
                              xmlns="http://www.w3.org/2000/svg"
                            >
                              
  
                              <title>
                                Copy
                              </title>
                              
  
                              <path
                                d="M25.313 28v-18.688h-14.625v18.688h14.625zM25.313 6.688c1.438 0 2.688 1.188 2.688 2.625v18.688c0 1.438-1.25 2.688-2.688 2.688h-14.625c-1.438 0-2.688-1.25-2.688-2.688v-18.688c0-1.438 1.25-2.625 2.688-2.625h14.625zM21.313 1.313v2.688h-16v18.688h-2.625v-18.688c0-1.438 1.188-2.688 2.625-2.688h16z"
                                fill="#A3BBCC"
                              />
                              

                            </svg>
                            

                          </span>
                          <span
                            class="kutil-sr-only"
                          >
                            Copy
                          </span>
                        </button>
                        
                        <transition-stub
                          appear="false"
                          css="true"
                          data-v-9bbde9b2=""
                          name="fade"
                          persisted="false"
                        >
                          <div
                            class="k-popover"
                            data-v-9bbde9b2=""
                            id="aaaabbbb-cccc-dddd-eeee-ffffffffffff"
                            role="region"
                            style="width: 200px; max-width: 350px; max-height: auto; display: none;"
                          >
                            <!---->
                            <div
                              class="k-popover-content"
                              data-v-9bbde9b2=""
                            >
                              
                              <p>
                                Code copied to clipboard
                              </p>
                              
                            </div>
                            <!---->
                          </div>
                        </transition-stub>
                      </div>
                      
                    </div>
                  </div>
                  
                </div>
                <div
                  aria-labelledby="kubernetes-tab"
                  class="tab-container"
                  data-v-6bcd6661=""
                  id="panel-1"
                  role="tabpanel"
                  tabindex="0"
                >
                  <!---->
                </div>
                
              </div>
            </div>
          </div>
        </div>
        
        
      </div>
      <div
        aria-labelledby="insights-tab"
        class="tab-container"
        data-v-6bcd6661=""
        id="panel-1"
        role="tabpanel"
        tabindex="0"
      >
        <!---->
      </div>
      <div
        aria-labelledby="dpp-policies-tab"
        class="tab-container"
        data-v-6bcd6661=""
        id="panel-2"
        role="tabpanel"
        tabindex="0"
      >
        <!---->
      </div>
      <div
        aria-labelledby="xds-configuration-tab"
        class="tab-container"
        data-v-6bcd6661=""
        id="panel-3"
        role="tabpanel"
        tabindex="0"
      >
        <!---->
      </div>
      <div
        aria-labelledby="envoy-stats-tab"
        class="tab-container"
        data-v-6bcd6661=""
        id="panel-4"
        role="tabpanel"
        tabindex="0"
      >
        <!---->
      </div>
      <div
        aria-labelledby="envoy-clusters-tab"
        class="tab-container"
        data-v-6bcd6661=""
        id="panel-5"
        role="tabpanel"
        tabindex="0"
      >
        <!---->
      </div>
      <div
        aria-labelledby="mtls-tab"
        class="tab-container"
        data-v-6bcd6661=""
        id="panel-6"
        role="tabpanel"
        tabindex="0"
      >
        <!---->
      </div>
      
    </div>
    <div>
      <!--v-if-->
    </div>
  </div>
</div>
`;
