// Jest Snapshot v1, https://goo.gl/fbAQLP

exports[`MetricsNotification.vue renders snapshot 1`] = `
<div>
  <div
    class="py-4"
  >
    <p
      class="mb-4"
    >
       A traffic metrics policy lets you collect key data for observability of your service mesh. 
    </p>
    <ul
      class="list-disc pl-4"
    >
      <li>
        <a
          href="https://kuma.io/docs/1.2.0/policies/traffic-metrics/"
          target="_blank"
        >
           Traffic Metrics policy documentation 
        </a>
      </li>
    </ul>
  </div>
</div>
`;
