// Jest Snapshot v1, https://goo.gl/fbAQLP

exports[`OnboardingNotification.vue renders snapshot 1`] = `
<div>
  <div
    class="onboarding-check"
  >
    <div
      class="k-alert dismissible success icon"
      data-v-825647a6=""
      role="alert"
    >
      <!---->
      <!---->
      <div
        class="k-alert-msg-text"
        data-v-825647a6=""
      >
        <!---->
        <div
          class="k-alert-msg"
          data-v-825647a6=""
        >
          <div
            class="alert-content"
            data-v-825647a6=""
          >
            <div
              data-v-825647a6=""
            >
              <strong
                data-v-825647a6=""
              >
                Welcome to Kuma!
              </strong>
               We've detected that you don't have
          any data plane proxies running yet. We've created an onboarding process to
          help you!
        
            </div>
             
            <div
              data-v-825647a6=""
            >
              <a
                aria-current="page"
                class="k-button action-button router-link-exact-active router-link-active small rounded primary"
                data-v-6ae23500=""
                data-v-825647a6=""
                href="#/"
                type="button"
              >
                <!---->
                
            Get Started
          
                <!---->
              </a>
            </div>
          </div>
        </div>
        <!---->
      </div>
      <button
        aria-label="Close"
        class="close"
        data-v-825647a6=""
        type="button"
      >
        <span
          class="kong-icon kong-icon-close success"
          data-v-419e27ea=""
          data-v-825647a6=""
        >
          <svg
            fill="none"
            viewBox="0 0 20 20"
            xmlns="http://www.w3.org/2000/svg"
          >
            
  
            <title>
              Close
            </title>
            
  
            <path
              d="M16 4 3 17m13 0L3 4"
              stroke="#A3BBCC"
              stroke-linecap="round"
              stroke-width="2"
            />
            

          </svg>
          

        </span>
      </button>
      <div
        class="k-alert-action success"
        data-v-825647a6=""
      >
        <!---->
        <!---->
      </div>
    </div>
  </div>
</div>
`;
